<html>
<body>
<pre>
<h1>µVision Build Log</h1>
<h2>Project:</h2>
D:\study\STM32\TEST\USER\test.uvproj
Project File Date:  05/24/2021

<h2>Output:</h2>
Rebuild target 'Target 1'
assembling startup_stm32f10x_hd.s...
compiling test.c...
compiling delay.c...
compiling sys.c...
compiling usart.c...
linking...
Program Size: Code=3528 RO-data=336 RW-data=12 ZI-data=1836  
FromELF: creating hex file...
"..\OBJ\test.axf" - 0 Error(s), 0 Warning(s).
Load "..\\OBJ\\test.axf" 
Erase Done.
Programming Failed!
Error: Flash Download failed  -  "Cortex-M3"
Load "..\\OBJ\\test.axf" 
Erase Done.
Programming Done.
Verify OK.
Application running ...
</pre>
</body>
</html>
