<html>
<body>
<pre>
<h1>µVision Build Log</h1>
<h2>Project:</h2>
D:\study\STM32\code\templateFWLIB - LED - BitBand\USER\TemplateFWLIB.uvproj
Project File Date:  11/28/2021

<h2>Output:</h2>
Build target 'TemplateFWLIB'
compiling main.c...
linking...
Program Size: Code=4576 RO-data=336 RW-data=52 ZI-data=1836  
FromELF: creating hex file...
"..\OBJ\TemplateFWLIB.axf" - 0 Error(s), 0 Warning(s).
Load "..\\OBJ\\TemplateFWLIB.axf" 
Erase Done.
Programming Done.
Verify OK.
Application running ...
ompiling stm32f10x_crc.c...
compiling stm32f10x_dac.c...
compiling stm32f10x_dbgmcu.c...
compiling stm32f10x_dma.c...
compiling stm32f10x_exti.c...
compiling stm32f10x_flash.c...
compiling stm32f10x_fsmc.c...
compiling stm32f10x_gpio.c...
compiling stm32f10x_i2c.c...
compiling stm32f10x_iwdg.c...
compiling stm32f10x_pwr.c...
compiling stm32f10x_rcc.c...
compiling stm32f10x_rtc.c...
compiling stm32f10x_sdio.c...
compiling stm32f10x_spi.c...
compiling stm32f10x_tim.c...
compiling stm32f10x_usart.c...
compiling stm32f10x_wwdg.c...
compiling delay.c...
compiling sys.c...
compiling usart.c...
compiling led.c...
linking...
Program Size: Code=4576 RO-data=336 RW-data=52 ZI-data=1836  
FromELF: creating hex file...
"..\OBJ\TemplateFWLIB.axf" - 0 Error(s), 0 Warning(s).
Load "..\\OBJ\\TemplateFWLIB.axf" 
Erase Done.
Programming Done.
Verify OK.
Application running ...
